{
  "schema": "fragment/1",
  "bindings": [
    {
      "id": "com.example.fragment.eager.EagerModel#provideRunnable",
      "providesMethod": "provideRunnable",
      "types": [
        "java.lang.Runnable"
      ],
      "eager": true
    }
  ]
}
