{
  "schema": "fragment/1",
  "bindings": [
    {
      "id": "com.example.fragment.MultiProvideModel#provideRunnable",
      "providesMethod": "provideRunnable",
      "publishedServices": [
        {
          "type": "java.lang.Runnable"
        }
      ]
    },
    {
      "id": "com.example.fragment.MultiProvideModel#provideEventListener",
      "providesMethod": "provideEventListener",
      "publishedServices": [
        {
          "type": "java.util.EventListener"
        }
      ]
    },
    {
      "id": "com.example.fragment.MultiProvideModel#provideSerializable",
      "providesMethod": "provideSerializable",
      "publishedServices": [
        {
          "type": "java.io.Serializable"
        }
      ]
    }
  ]
}
