{
  "schema": "fragment/1",
  "bindings": [
    {
      "id": "com.example.fragment.NestedNestedModel.Middle.MyModel#provideRunnable",
      "publishedServices": [
        {
          "type": "java.lang.Runnable"
        }
      ]
    }
  ]
}
