{
  "schema": "fragment/1",
  "bindings": [
    {
      "id": "com.example.fragment.NestedModel.MyModel#provideRunnable",
      "providesMethod": "provideRunnable",
      "types": [
        "java.lang.Runnable"
      ]
    }
  ]
}
