{
  "schema": "graph/1",
  "nodes": [
    {
      "id": "com.example.injector.includes.RecursiveIncludesModel.MyModel3",
      "kind": "INJECTABLE"
    },
    {
      "id": "com.example.injector.includes.RecursiveIncludesModel.MyModel2",
      "kind": "INJECTABLE"
    },
    {
      "id": "com.example.injector.includes.RecursiveIncludesModel.MyModel1",
      "kind": "INJECTABLE"
    },
    {
      "id": "com.example.injector.includes.RecursiveIncludesModel.MyFragment3#provideRunnable",
      "kind": "PROVIDES"
    },
    {
      "id": "com.example.injector.includes.RecursiveIncludesModel.MyFragment2#provideRunnable",
      "kind": "PROVIDES"
    },
    {
      "id": "com.example.injector.includes.RecursiveIncludesModel.MyFragment1#provideRunnable",
      "kind": "PROVIDES"
    }
  ]
}
