{
  "schema": "injectable/1",
  "id": "com.example.injector.BasicInjectorModel.MyModel",
  "types": [
    "com.example.injector.BasicInjectorModel.MyModel"
  ]
}
