{
  "schema": "graph/1",
  "nodes": [
    {
      "id": "com.example.injector.dependency.CollectionContainingMultipleInstancesDependencyModel.MyFragment3#myModel",
      "kind": "PROVIDES"
    },
    {
      "id": "com.example.injector.dependency.CollectionContainingMultipleInstancesDependencyModel.MyFragment2#myModel",
      "kind": "PROVIDES"
    },
    {
      "id": "com.example.injector.dependency.CollectionContainingMultipleInstancesDependencyModel.MyFragment1#myModel",
      "kind": "PROVIDES"
    }
  ]
}
