{
  "schema": "injectable/1",
  "id": "com.example.injector.dependency.MultipleDependencyModel.MyModel1",
  "types": [
    "com.example.injector.dependency.MultipleDependencyModel.MyModel1"
  ]
}
