{
  "schema": "graph/1",
  "nodes": [
    {
      "id": "com.example.injector.dependency.PrimitiveDependencyModel.MyFragment#provideValue8",
      "kind": "PROVIDES"
    },
    {
      "id": "com.example.injector.dependency.PrimitiveDependencyModel.MyFragment#provideValue7",
      "kind": "PROVIDES"
    },
    {
      "id": "com.example.injector.dependency.PrimitiveDependencyModel.MyFragment#provideValue6",
      "kind": "PROVIDES"
    },
    {
      "id": "com.example.injector.dependency.PrimitiveDependencyModel.MyFragment#provideValue5",
      "kind": "PROVIDES"
    },
    {
      "id": "com.example.injector.dependency.PrimitiveDependencyModel.MyFragment#provideValue4",
      "kind": "PROVIDES"
    },
    {
      "id": "com.example.injector.dependency.PrimitiveDependencyModel.MyFragment#provideValue3",
      "kind": "PROVIDES"
    },
    {
      "id": "com.example.injector.dependency.PrimitiveDependencyModel.MyFragment#provideValue2",
      "kind": "PROVIDES"
    },
    {
      "id": "com.example.injector.dependency.PrimitiveDependencyModel.MyFragment#provideValue",
      "kind": "PROVIDES"
    }
  ]
}
