{
  "schema": "injector/1",
  "includes": [
    "com.example.injector.dependency.QualifiedDependencyModel.MyModel"
  ],
  "dependencies": [
    {
      "coordinate": {
        "qualifier": "Foo",
        "type": "com.example.injector.dependency.QualifiedDependencyModel.MyModel"
      }
    }
  ]
}
