{
  "schema": "injectable/1",
  "id": "com.example.injector.dependency.SupplierDependencyModel.MyModel",
  "types": [
    "com.example.injector.dependency.SupplierDependencyModel.MyModel"
  ]
}
