{
  "schema": "injector/1",
  "includes": [
    "com.example.injector.dependency.SupplierCollectionDependencyModel.MyModel"
  ],
  "dependencies": [
    {
      "type": "SUPPLIER_COLLECTION",
      "coordinate": {
        "type": "com.example.injector.dependency.SupplierCollectionDependencyModel.MyModel"
      }
    }
  ]
}
