{
  "schema": "injectable/1",
  "id": "com.example.injectable.dependency.ExplicitAutodetectNecessityNullableInputModel",
  "publishedServices": [
    {
      "type": "com.example.injectable.dependency.ExplicitAutodetectNecessityNullableInputModel"
    }
  ],
  "dependencies": [
    {
      "type": "java.lang.Runnable",
      "optional": true
    }
  ]
}
