{
  "schema": "injector/1",
  "includes": [
    "com.example.injector.outputs.ExplicitAutodetectNecessityOutputModel.MyModel"
  ],
  "outputs": [
    {
      "coordinate": {
        "type": "com.example.injector.outputs.ExplicitAutodetectNecessityOutputModel.MyModel"
      }
    }
  ]
}
