{
  "schema": "injector/1",
  "includes": [
    "com.example.injector.outputs.OptionalMissingOutputModel.MyModel2"
  ],
  "outputs": [
    {
      "type": "com.example.injector.outputs.OptionalMissingOutputModel.MyModel1",
      "optional": true
    },
    {
      "type": "com.example.injector.outputs.OptionalMissingOutputModel.MyModel2"
    }
  ]
}
