{
  "schema": "graph/1",
  "nodes": [
    {
      "id": "com.example.injector.outputs.OptionalProvidesOutputModel.MyFragment#provideRunnable",
      "kind": "PROVIDES"
    }
  ]
}
