{
  "schema": "injector/1",
  "includes": [
    "com.example.injector.outputs.OptionalOutputModel.MyModel"
  ],
  "outputs": [
    {
      "type": "com.example.injector.outputs.OptionalOutputModel.MyModel",
      "optional": true
    }
  ]
}
