{
  "schema": "graph/1",
  "nodes": [
    {
      "id": "com.example.injector.outputs.OptionalOutputModel.MyModel",
      "kind": "INJECTABLE"
    }
  ]
}
