{
  "schema": "injectable/1",
  "id": "com.example.injectable.NestedNestedModel.Middle.MyModel",
  "publishedServices": [
    {
      "type": "com.example.injectable.NestedNestedModel.Middle.MyModel"
    }
  ]
}
