{
  "schema": "graph/1",
  "nodes": [
    {
      "id": "com.example.injector.circular.SupplierBrokenFragmentWalkingCircularDependencyModel.MyModel2",
      "kind": "INJECTABLE",
      "dependencies": [
        {
          "type": "com.example.injector.circular.SupplierBrokenFragmentWalkingCircularDependencyModel.MyModel3",
          "supportedBy": [
            "com.example.injector.circular.SupplierBrokenFragmentWalkingCircularDependencyModel.MyFragment#provideMyModel2"
          ]
        }
      ]
    },
    {
      "id": "com.example.injector.circular.SupplierBrokenFragmentWalkingCircularDependencyModel.MyModel1",
      "kind": "INJECTABLE",
      "dependencies": [
        {
          "type": "com.example.injector.circular.SupplierBrokenFragmentWalkingCircularDependencyModel.MyModel2",
          "supportedBy": [
            "com.example.injector.circular.SupplierBrokenFragmentWalkingCircularDependencyModel.MyModel2"
          ]
        }
      ]
    },
    {
      "id": "com.example.injector.circular.SupplierBrokenFragmentWalkingCircularDependencyModel.MyFragment#provideMyModel2",
      "kind": "PROVIDES",
      "dependencies": [
        {
          "type": "com.example.injector.circular.SupplierBrokenFragmentWalkingCircularDependencyModel.MyModel1",
          "supportedBy": [
            "com.example.injector.circular.SupplierBrokenFragmentWalkingCircularDependencyModel.MyModel1"
          ]
        }
      ]
    }
  ]
}
