{
  "schema": "injectable/1",
  "id": "com.example.injectable.types.DefaultTypesModel",
  "publishedServices": [
    {
      "type": "com.example.injectable.types.DefaultTypesModel"
    }
  ]
}
