{
  "schema": "fragment/1",
  "bindings": [
    {
      "id": "com.example.injector.includes.single.Sting_SingleIncludesModel_Provider#provide",
      "publishedServices": [
        {
          "type": "com.example.injector.includes.single.SingleIncludesModel"
        }
      ]
    }
  ]
}
