{
  "schema": "fragment/1",
  "bindings": [
    {
      "id": "com.example.fragment.dependency.CollectionDependencyModel#provideRunnable",
      "providesMethod": "provideRunnable",
      "types": [
        "java.lang.Runnable"
      ],
      "dependencies": [
        {
          "type": "COLLECTION_INSTANCE",
          "coordinate": {
            "type": "java.lang.String"
          }
        }
      ]
    }
  ]
}
