{
  "schema": "fragment/1",
  "bindings": [
    {
      "id": "com.example.fragment.dependency.ExplicitAutodetectNecessityNullableInputModel#provideRunnable",
      "providesMethod": "provideRunnable",
      "publishedServices": [
        {
          "type": "java.lang.Runnable"
        }
      ],
      "dependencies": [
        {
          "type": "java.lang.String",
          "optional": true
        }
      ]
    }
  ]
}
