{
  "schema": "fragment/1",
  "bindings": [
    {
      "id": "com.example.fragment.dependency.PrimitiveDependencyModel#provideRunnable",
      "publishedServices": [
        {
          "type": "java.lang.Runnable"
        }
      ],
      "dependencies": [
        {
          "type": "boolean"
        },
        {
          "type": "char"
        },
        {
          "type": "byte"
        },
        {
          "type": "short"
        },
        {
          "type": "int"
        },
        {
          "type": "long"
        },
        {
          "type": "float"
        },
        {
          "type": "double"
        }
      ]
    }
  ]
}
