{
  "schema": "graph/1",
  "nodes": [
    {
      "id": "com.example.injector.includes.diamond.MyModel",
      "kind": "INJECTABLE",
      "eager": true
    }
  ]
}
