{
  "schema": "graph/1",
  "nodes": [
    {
      "id": "com.example.injector.gwt.DisableGwtInjectorModel.MyModel0",
      "kind": "INJECTABLE"
    }
  ]
}
